ERC report (2026-04-15T20:15:26, Encoding UTF8)
Report includes: Errors, Warnings, Exclusions

***** Sheet /
[power_pin_not_driven]: Input Power pin not driven by any Output Power pins
    ; error
    @(55.00 mm, 70.24 mm): Symbol J1 Pin A1 [GND, Power input, Line]
[pin_not_connected]: Pin not connected
    ; error
    @(57.54 mm, 70.24 mm): Symbol J1 Pin A12 [GND, Passive, Line]
[pin_not_connected]: Pin not connected
    ; error
    @(60.08 mm, 70.24 mm): Symbol J1 Pin B1 [GND, Passive, Line]
[pin_not_connected]: Pin not connected
    ; error
    @(62.62 mm, 70.24 mm): Symbol J1 Pin B12 [GND, Passive, Line]
[pin_not_connected]: Pin not connected
    ; error
    @(119.84 mm, 69.92 mm): Symbol U2 Pin 8 [CE, Input, Line]
[pin_not_connected]: Pin not connected
    ; error
    @(119.84 mm, 77.54 mm): Symbol U2 Pin 6 [~{STDBY}, Open collector, Line]
[power_pin_not_driven]: Input Power pin not driven by any Output Power pins
    ; error
    @(130.00 mm, 62.30 mm): Symbol U2 Pin 4 [VCC, Power input, Line]
[wire_dangling]: Wires not connected to anything
    ; error
    @(95.00 mm, 108.81 mm): Vertical Wire, length 5.38 mm
[wire_dangling]: Wires not connected to anything
    ; error
    @(105.00 mm, 108.81 mm): Vertical Wire, length 5.38 mm
[pin_not_connected]: Pin not connected
    ; error
    @(140.16 mm, 69.92 mm): Symbol U2 Pin 5 [BAT, Power output, Line]
[wire_dangling]: Wires not connected to anything
    ; error
    @(140.16 mm, 77.46 mm): Horizontal Wire, length 7.84 mm
    @(148.00 mm, 77.46 mm): Vertical Wire, length 1.27 mm
[pin_not_connected]: Pin not connected
    ; error
    @(140.16 mm, 77.54 mm): Symbol U2 Pin 2 [PROG, Passive, Line]
[pin_not_connected]: Pin not connected
    ; error
    @(148.00 mm, 76.19 mm): Symbol R1 Pin 1 [~, Passive, Line]
[power_pin_not_driven]: Input Power pin not driven by any Output Power pins
    ; error
    @(121.11 mm, 115.00 mm): Symbol U3 Pin 2 [CS, Input, Line]
[power_pin_not_driven]: Input Power pin not driven by any Output Power pins
    ; error
    @(138.89 mm, 115.00 mm): Symbol U3 Pin 4 [TD, Input, Line]
[pin_not_connected]: Pin not connected
    ; error
    @(232.22 mm, 97.14 mm): Symbol U1 Pin 3 [EN, Input, Line]
[pin_not_connected]: Pin not connected
    ; error
    @(232.22 mm, 127.62 mm): Symbol U1 Pin 27 [GPIO0, Bidirectional, Line]
[pin_not_connected]: Pin not connected
    ; error
    @(267.78 mm, 102.22 mm): Symbol U1 Pin 15 [GPIO9, Bidirectional, Line]
[pin_not_connected]: Pin not connected
    ; error
    @(267.78 mm, 104.76 mm): Symbol U1 Pin 16 [GPIO10, Bidirectional, Line]
[pin_not_connected]: Pin not connected
    ; error
    @(267.78 mm, 107.30 mm): Symbol U1 Pin 17 [GPIO3, Bidirectional, Line]
[pin_not_connected]: Pin not connected
    ; error
    @(267.78 mm, 109.84 mm): Symbol U1 Pin 18 [GPIO11, Bidirectional, Line]
[pin_not_connected]: Pin not connected
    ; error
    @(267.78 mm, 112.38 mm): Symbol U1 Pin 19 [GPIO46, Bidirectional, Line]
[pin_not_connected]: Pin not connected
    ; error
    @(267.78 mm, 114.92 mm): Symbol U1 Pin 20 [GPIO12, Bidirectional, Line]
[pin_not_connected]: Pin not connected
    ; error
    @(252.54 mm, 147.94 mm): Symbol U1 Pin 40 [GND, Passive, Line]
[pin_not_connected]: Pin not connected
    ; error
    @(255.08 mm, 147.94 mm): Symbol U1 Pin 41 [GND, Passive, Line]
[pin_not_connected]: Pin not connected
    ; error
    @(225.00 mm, 191.19 mm): Symbol SW2 Pin 1 [~, Passive, Line]
[label_dangling]: Label not connected
    ; error
    @(270.00 mm, 125.08 mm): Label 'EPD_BUSY'
[label_dangling]: Label not connected
    ; error
    @(270.00 mm, 127.62 mm): Label 'EPD_CS'
[label_dangling]: Label not connected
    ; error
    @(270.00 mm, 130.16 mm): Label 'EPD_RST'
[pin_not_connected]: Pin not connected
    ; error
    @(225.00 mm, 198.81 mm): Symbol SW2 Pin 2 [~, Passive, Line]
[label_dangling]: Label not connected
    ; error
    @(270.00 mm, 132.70 mm): Label 'EPD_DC'
[label_dangling]: Label not connected
    ; error
    @(270.00 mm, 137.78 mm): Label 'EPD_CLK'
[pin_not_connected]: Pin not connected
    ; error
    @(225.00 mm, 206.19 mm): Symbol SW3 Pin 1 [~, Passive, Line]
[pin_not_connected]: Pin not connected
    ; error
    @(225.00 mm, 213.81 mm): Symbol SW3 Pin 2 [~, Passive, Line]
[pin_not_connected]: Pin not connected
    ; error
    @(335.08 mm, 106.11 mm): Symbol J3 Pin 1 [Pin_1, Passive, Line]
[pin_not_connected]: Pin not connected
    ; error
    @(335.08 mm, 108.65 mm): Symbol J3 Pin 2 [Pin_2, Passive, Line]
[pin_not_connected]: Pin not connected
    ; error
    @(335.08 mm, 111.19 mm): Symbol J3 Pin 3 [Pin_3, Passive, Line]
[pin_not_connected]: Pin not connected
    ; error
    @(335.08 mm, 113.73 mm): Symbol J3 Pin 4 [Pin_4, Passive, Line]
[pin_not_connected]: Pin not connected
    ; error
    @(335.08 mm, 116.27 mm): Symbol J3 Pin 5 [Pin_5, Passive, Line]
[label_dangling]: Label not connected
    ; error
    @(338.00 mm, 109.73 mm): Label 'EPD_CLK'
[pin_not_connected]: Pin not connected
    ; error
    @(335.08 mm, 118.81 mm): Symbol J3 Pin 6 [Pin_6, Passive, Line]
[label_dangling]: Label not connected
    ; error
    @(338.00 mm, 112.27 mm): Label 'EPD_CS'
[pin_not_connected]: Pin not connected
    ; error
    @(335.08 mm, 121.35 mm): Symbol J3 Pin 7 [Pin_7, Passive, Line]
[label_dangling]: Label not connected
    ; error
    @(338.00 mm, 114.81 mm): Label 'EPD_DC'
[pin_not_connected]: Pin not connected
    ; error
    @(335.08 mm, 123.89 mm): Symbol J3 Pin 8 [Pin_8, Passive, Line]
[label_dangling]: Label not connected
    ; error
    @(338.00 mm, 117.35 mm): Label 'EPD_RST'
[label_dangling]: Label not connected
    ; error
    @(338.00 mm, 119.89 mm): Label 'EPD_BUSY'
[pin_not_connected]: Pin not connected
    ; error
    @(319.84 mm, 170.08 mm): Symbol U5 Pin 5 [Res1, Passive, Line]
[pin_not_connected]: Pin not connected
    ; error
    @(332.54 mm, 175.16 mm): Symbol U5 Pin 7 [GND, Power input, Line]
[pin_not_connected]: Pin not connected
    ; error
    @(340.16 mm, 159.92 mm): Symbol U5 Pin 9 [VDD_IO, Power input, Line]
[pin_not_connected]: Pin not connected
    ; error
    @(340.16 mm, 162.46 mm): Symbol U5 Pin 10 [Res2, Passive, Line]
[pin_not_connected]: Pin not connected
    ; error
    @(325.00 mm, 191.19 mm): Symbol SW1a Pin 1 [~, Passive, Line]
[pin_not_connected]: Pin not connected
    ; error
    @(340.16 mm, 165.00 mm): Symbol U5 Pin 11 [INT2, Output, Line]
[pin_not_connected]: Pin not connected
    ; error
    @(335.08 mm, 175.16 mm): Symbol U5 Pin 8 [GND, Power input, Line]
[pin_to_pin]: Pins of type Output and Power output are connected
    ; error
    @(340.16 mm, 167.54 mm): Symbol U5 Pin 12 [INT1, Output, Line]
    @(140.16 mm, 165.00 mm): Symbol U4 Pin 2 [VO, Power output, Line]
[pin_not_connected]: Pin not connected
    ; error
    @(325.00 mm, 198.81 mm): Symbol SW1a Pin 2 [~, Passive, Line]
[pin_not_connected]: Pin not connected
    ; error
    @(325.00 mm, 201.19 mm): Symbol SW1b Pin 1 [~, Passive, Line]
[pin_not_connected]: Pin not connected
    ; error
    @(325.00 mm, 208.81 mm): Symbol SW1b Pin 2 [~, Passive, Line]
[pin_not_connected]: Pin not connected
    ; error
    @(325.00 mm, 211.19 mm): Symbol SW1c Pin 1 [~, Passive, Line]
[pin_not_connected]: Pin not connected
    ; error
    @(325.00 mm, 218.81 mm): Symbol SW1c Pin 2 [~, Passive, Line]
[pin_not_connected]: Pin not connected
    ; error
    @(325.00 mm, 221.19 mm): Symbol SW1d Pin 1 [~, Passive, Line]
[pin_not_connected]: Pin not connected
    ; error
    @(325.00 mm, 228.81 mm): Symbol SW1d Pin 2 [~, Passive, Line]
[pin_not_connected]: Pin not connected
    ; error
    @(325.00 mm, 231.19 mm): Symbol SW1e Pin 1 [~, Passive, Line]
[pin_not_connected]: Pin not connected
    ; error
    @(325.00 mm, 238.81 mm): Symbol SW1e Pin 2 [~, Passive, Line]
[lib_symbol_issues]: The current configuration does not include the symbol library ''
    ; warning
    @(55.00 mm, 55.00 mm): Symbol J1 [USB_C]
[endpoint_off_grid]: Symbol pin or wire end off connection grid
    ; warning
    @(70.24 mm, 44.84 mm): Horizontal Wire, length 1.76 mm
[endpoint_off_grid]: Symbol pin or wire end off connection grid
    ; warning
    @(70.24 mm, 44.84 mm): Symbol J1 Pin A4 [VBUS, Power output, Line]
[endpoint_off_grid]: Symbol pin or wire end off connection grid
    ; warning
    @(70.24 mm, 47.38 mm): Horizontal Wire, length 1.76 mm
[multiple_net_names]: Both PWR_FLAG and VBUS are attached to the same items; PWR_FLAG will be used in the netlist
    ; warning
    @(75.00 mm, 42.00 mm): Symbol #PWR_FLAG Pin 1 [PWR_FLAG, Power input, Line]
    @(72.00 mm, 44.84 mm): Label 'VBUS'
[endpoint_off_grid]: Symbol pin or wire end off connection grid
    ; warning
    @(75.00 mm, 42.00 mm): Vertical Wire, length 2.84 mm
[endpoint_off_grid]: Symbol pin or wire end off connection grid
    ; warning
    @(75.00 mm, 42.00 mm): Symbol #PWR_FLAG Pin 1 [PWR_FLAG, Power input, Line]
[lib_symbol_issues]: The current configuration does not include the symbol library ''
    ; warning
    @(75.00 mm, 42.00 mm): Symbol #PWR_FLAG [PWR_FLAG]
[endpoint_off_grid]: Symbol pin or wire end off connection grid
    ; warning
    @(70.24 mm, 49.92 mm): Horizontal Wire, length 1.76 mm
[endpoint_off_grid]: Symbol pin or wire end off connection grid
    ; warning
    @(70.24 mm, 52.46 mm): Horizontal Wire, length 1.76 mm
[endpoint_off_grid]: Symbol pin or wire end off connection grid
    ; warning
    @(55.00 mm, 70.24 mm): Vertical Wire, length 3.76 mm
[endpoint_off_grid]: Symbol pin or wire end off connection grid
    ; warning
    @(55.00 mm, 74.00 mm): Symbol #GND Pin 1 [GND, Power input, Line]
[lib_symbol_issues]: The current configuration does not include the symbol library ''
    ; warning
    @(55.00 mm, 74.00 mm): Symbol #GND [GND]
[endpoint_off_grid]: Symbol pin or wire end off connection grid
    ; warning
    @(80.00 mm, 50.00 mm): Vertical Wire, length 1.19 mm
[endpoint_off_grid]: Symbol pin or wire end off connection grid
    ; warning
    @(80.00 mm, 51.19 mm): Symbol R8 Pin 1 [~, Passive, Line]
[lib_symbol_issues]: The current configuration does not include the symbol library ''
    ; warning
    @(80.00 mm, 55.00 mm): Symbol R8 [R]
[endpoint_off_grid]: Symbol pin or wire end off connection grid
    ; warning
    @(80.00 mm, 58.81 mm): Vertical Wire, length 3.19 mm
[endpoint_off_grid]: Symbol pin or wire end off connection grid
    ; warning
    @(88.00 mm, 50.00 mm): Vertical Wire, length 1.19 mm
[endpoint_off_grid]: Symbol pin or wire end off connection grid
    ; warning
    @(88.00 mm, 51.19 mm): Symbol R9 Pin 1 [~, Passive, Line]
[lib_symbol_issues]: The current configuration does not include the symbol library ''
    ; warning
    @(88.00 mm, 55.00 mm): Symbol R9 [R]
[endpoint_off_grid]: Symbol pin or wire end off connection grid
    ; warning
    @(88.00 mm, 58.81 mm): Vertical Wire, length 3.19 mm
[endpoint_off_grid]: Symbol pin or wire end off connection grid
    ; warning
    @(96.00 mm, 44.84 mm): Horizontal Wire, length 0.19 mm
[endpoint_off_grid]: Symbol pin or wire end off connection grid
    ; warning
    @(96.19 mm, 44.84 mm): Symbol D1 Pin K [~, Passive, Line]
[endpoint_off_grid]: Symbol pin or wire end off connection grid
    ; warning
    @(88.00 mm, 62.00 mm): Symbol #GND Pin 1 [GND, Power input, Line]
[lib_symbol_issues]: The current configuration does not include the symbol library ''
    ; warning
    @(88.00 mm, 62.00 mm): Symbol #GND [GND]
[lib_symbol_issues]: The current configuration does not include the symbol library ''
    ; warning
    @(100.00 mm, 44.84 mm): Symbol D1 [D_Schottky]
[endpoint_off_grid]: Symbol pin or wire end off connection grid
    ; warning
    @(103.81 mm, 44.84 mm): Horizontal Wire, length 0.19 mm
[endpoint_off_grid]: Symbol pin or wire end off connection grid
    ; warning
    @(95.00 mm, 98.00 mm): Vertical Wire, length 3.19 mm
[endpoint_off_grid]: Symbol pin or wire end off connection grid
    ; warning
    @(116.00 mm, 72.46 mm): Horizontal Wire, length 3.84 mm
[isolated_pin_label]: Label connected to only one pin
    ; warning
    @(116.00 mm, 72.46 mm): Label 'STDBY_OUT'
[endpoint_off_grid]: Symbol pin or wire end off connection grid
    ; warning
    @(116.00 mm, 75.00 mm): Horizontal Wire, length 3.84 mm
[endpoint_off_grid]: Symbol pin or wire end off connection grid
    ; warning
    @(95.00 mm, 101.19 mm): Symbol D2 Pin K [~, Passive, Line]
[unconnected_wire_endpoint]: Unconnected wire endpoint
    ; warning
    @(116.00 mm, 72.46 mm): Horizontal Wire, length 3.84 mm
[endpoint_off_grid]: Symbol pin or wire end off connection grid
    ; warning
    @(116.00 mm, 80.08 mm): Horizontal Wire, length 3.84 mm
[lib_symbol_issues]: The current configuration does not include the symbol library ''
    ; warning
    @(95.00 mm, 105.00 mm): Symbol D2 [LED]
[endpoint_off_grid]: Symbol pin or wire end off connection grid
    ; warning
    @(130.00 mm, 59.00 mm): Vertical Wire, length 3.30 mm
[endpoint_off_grid]: Symbol pin or wire end off connection grid
    ; warning
    @(105.00 mm, 98.00 mm): Vertical Wire, length 3.19 mm
[isolated_pin_label]: Label connected to only one pin
    ; warning
    @(105.00 mm, 98.00 mm): Label 'STDBY_OUT'
[unconnected_wire_endpoint]: Unconnected wire endpoint
    ; warning
    @(116.00 mm, 80.08 mm): Horizontal Wire, length 3.84 mm
[endpoint_off_grid]: Symbol pin or wire end off connection grid
    ; warning
    @(95.00 mm, 108.81 mm): Vertical Wire, length 5.38 mm
[endpoint_off_grid]: Symbol pin or wire end off connection grid
    ; warning
    @(105.00 mm, 101.19 mm): Symbol D3 Pin K [~, Passive, Line]
[lib_symbol_issues]: The current configuration does not include the symbol library ''
    ; warning
    @(105.00 mm, 105.00 mm): Symbol D3 [LED]
[endpoint_off_grid]: Symbol pin or wire end off connection grid
    ; warning
    @(95.00 mm, 114.19 mm): Symbol R2 Pin 1 [~, Passive, Line]
[lib_symbol_issues]: The current configuration does not include the symbol library ''
    ; warning
    @(130.00 mm, 75.00 mm): Symbol U2 [TP4056]
[endpoint_off_grid]: Symbol pin or wire end off connection grid
    ; warning
    @(105.00 mm, 108.81 mm): Vertical Wire, length 5.38 mm
[lib_symbol_issues]: The current configuration does not include the symbol library ''
    ; warning
    @(95.00 mm, 118.00 mm): Symbol R2 [R]
[endpoint_off_grid]: Symbol pin or wire end off connection grid
    ; warning
    @(95.00 mm, 121.81 mm): Vertical Wire, length 3.19 mm
[endpoint_off_grid]: Symbol pin or wire end off connection grid
    ; warning
    @(127.46 mm, 87.70 mm): Vertical Wire, length 4.30 mm
[endpoint_off_grid]: Symbol pin or wire end off connection grid
    ; warning
    @(105.00 mm, 114.19 mm): Symbol R3 Pin 1 [~, Passive, Line]
[endpoint_off_grid]: Symbol pin or wire end off connection grid
    ; warning
    @(130.00 mm, 87.70 mm): Vertical Wire, length 4.30 mm
[endpoint_off_grid]: Symbol pin or wire end off connection grid
    ; warning
    @(95.00 mm, 125.00 mm): Symbol #GND Pin 1 [GND, Power input, Line]
[lib_symbol_issues]: The current configuration does not include the symbol library ''
    ; warning
    @(95.00 mm, 125.00 mm): Symbol #GND [GND]
[endpoint_off_grid]: Symbol pin or wire end off connection grid
    ; warning
    @(127.46 mm, 92.00 mm): Symbol #GND Pin 1 [GND, Power input, Line]
[lib_symbol_issues]: The current configuration does not include the symbol library ''
    ; warning
    @(127.46 mm, 92.00 mm): Symbol #GND [GND]
[lib_symbol_issues]: The current configuration does not include the symbol library ''
    ; warning
    @(105.00 mm, 118.00 mm): Symbol R3 [R]
[endpoint_off_grid]: Symbol pin or wire end off connection grid
    ; warning
    @(140.16 mm, 75.00 mm): Symbol U2 Pin 1 [TEMP, Input, Line]
[endpoint_off_grid]: Symbol pin or wire end off connection grid
    ; warning
    @(140.16 mm, 75.00 mm): Horizontal Wire, length 3.84 mm
[endpoint_off_grid]: Symbol pin or wire end off connection grid
    ; warning
    @(130.00 mm, 92.00 mm): Symbol #GND Pin 1 [GND, Power input, Line]
[lib_symbol_issues]: The current configuration does not include the symbol library ''
    ; warning
    @(130.00 mm, 92.00 mm): Symbol #GND [GND]
[endpoint_off_grid]: Symbol pin or wire end off connection grid
    ; warning
    @(140.16 mm, 77.46 mm): Horizontal Wire, length 7.84 mm
[unconnected_wire_endpoint]: Unconnected wire endpoint
    ; warning
    @(140.16 mm, 77.46 mm): Horizontal Wire, length 7.84 mm
[endpoint_off_grid]: Symbol pin or wire end off connection grid
    ; warning
    @(105.00 mm, 121.81 mm): Vertical Wire, length 3.19 mm
[endpoint_off_grid]: Symbol pin or wire end off connection grid
    ; warning
    @(140.16 mm, 80.08 mm): Horizontal Wire, length 2.84 mm
[unconnected_wire_endpoint]: Unconnected wire endpoint
    ; warning
    @(140.16 mm, 80.08 mm): Horizontal Wire, length 2.84 mm
[endpoint_off_grid]: Symbol pin or wire end off connection grid
    ; warning
    @(117.00 mm, 112.46 mm): Horizontal Wire, length 4.11 mm
[endpoint_off_grid]: Symbol pin or wire end off connection grid
    ; warning
    @(144.00 mm, 75.00 mm): Symbol #GND Pin 1 [GND, Power input, Line]
[lib_symbol_issues]: The current configuration does not include the symbol library ''
    ; warning
    @(144.00 mm, 75.00 mm): Symbol #GND [GND]
[endpoint_off_grid]: Symbol pin or wire end off connection grid
    ; warning
    @(105.00 mm, 125.00 mm): Symbol #GND Pin 1 [GND, Power input, Line]
[lib_symbol_issues]: The current configuration does not include the symbol library ''
    ; warning
    @(105.00 mm, 125.00 mm): Symbol #GND [GND]
[endpoint_off_grid]: Symbol pin or wire end off connection grid
    ; warning
    @(117.00 mm, 115.00 mm): Horizontal Wire, length 4.11 mm
[endpoint_off_grid]: Symbol pin or wire end off connection grid
    ; warning
    @(121.11 mm, 112.46 mm): Symbol U3 Pin 1 [OD, Output, Line]
[endpoint_off_grid]: Symbol pin or wire end off connection grid
    ; warning
    @(117.00 mm, 117.54 mm): Horizontal Wire, length 4.11 mm
[endpoint_off_grid]: Symbol pin or wire end off connection grid
    ; warning
    @(148.00 mm, 76.19 mm): Symbol R1 Pin 1 [~, Passive, Line]
[endpoint_off_grid]: Symbol pin or wire end off connection grid
    ; warning
    @(148.00 mm, 77.46 mm): Vertical Wire, length 1.27 mm
[lib_symbol_issues]: The current configuration does not include the symbol library ''
    ; warning
    @(148.00 mm, 80.00 mm): Symbol R1 [R]
[endpoint_off_grid]: Symbol pin or wire end off connection grid
    ; warning
    @(148.00 mm, 83.81 mm): Vertical Wire, length 3.19 mm
[endpoint_off_grid]: Symbol pin or wire end off connection grid
    ; warning
    @(148.00 mm, 87.00 mm): Symbol #GND Pin 1 [GND, Power input, Line]
[lib_symbol_issues]: The current configuration does not include the symbol library ''
    ; warning
    @(148.00 mm, 87.00 mm): Symbol #GND [GND]
[lib_symbol_issues]: The current configuration does not include the symbol library ''
    ; warning
    @(130.00 mm, 115.00 mm): Symbol U3 [DW01A]
[endpoint_off_grid]: Symbol pin or wire end off connection grid
    ; warning
    @(117.00 mm, 134.92 mm): Horizontal Wire, length 4.11 mm
[endpoint_off_grid]: Symbol pin or wire end off connection grid
    ; warning
    @(138.89 mm, 112.46 mm): Horizontal Wire, length 3.11 mm
[endpoint_off_grid]: Symbol pin or wire end off connection grid
    ; warning
    @(138.89 mm, 115.00 mm): Horizontal Wire, length 3.11 mm
[endpoint_off_grid]: Symbol pin or wire end off connection grid
    ; warning
    @(117.00 mm, 137.46 mm): Horizontal Wire, length 4.11 mm
[endpoint_off_grid]: Symbol pin or wire end off connection grid
    ; warning
    @(121.11 mm, 134.92 mm): Symbol Q1 Pin 1 [S1, Passive, Line]
[endpoint_off_grid]: Symbol pin or wire end off connection grid
    ; warning
    @(138.89 mm, 117.54 mm): Horizontal Wire, length 3.11 mm
[endpoint_off_grid]: Symbol pin or wire end off connection grid
    ; warning
    @(117.00 mm, 140.00 mm): Horizontal Wire, length 4.11 mm
[lib_symbol_issues]: The current configuration does not include the symbol library ''
    ; warning
    @(130.00 mm, 140.00 mm): Symbol Q1 [FS8205A]
[endpoint_off_grid]: Symbol pin or wire end off connection grid
    ; warning
    @(138.89 mm, 134.92 mm): Horizontal Wire, length 7.11 mm
[endpoint_off_grid]: Symbol pin or wire end off connection grid
    ; warning
    @(138.89 mm, 137.46 mm): Horizontal Wire, length 3.11 mm
[endpoint_off_grid]: Symbol pin or wire end off connection grid
    ; warning
    @(138.89 mm, 140.00 mm): Horizontal Wire, length 3.11 mm
[endpoint_off_grid]: Symbol pin or wire end off connection grid
    ; warning
    @(146.00 mm, 134.92 mm): Symbol #GND Pin 1 [GND, Power input, Line]
[lib_symbol_issues]: The current configuration does not include the symbol library ''
    ; warning
    @(146.00 mm, 134.92 mm): Symbol #GND [GND]
[endpoint_off_grid]: Symbol pin or wire end off connection grid
    ; warning
    @(116.00 mm, 165.00 mm): Horizontal Wire, length 3.84 mm
[endpoint_off_grid]: Symbol pin or wire end off connection grid
    ; warning
    @(118.00 mm, 168.00 mm): Vertical Wire, length 3.19 mm
[endpoint_off_grid]: Symbol pin or wire end off connection grid
    ; warning
    @(170.00 mm, 118.00 mm): Vertical Wire, length 3.19 mm
[endpoint_off_grid]: Symbol pin or wire end off connection grid
    ; warning
    @(118.00 mm, 171.19 mm): Symbol C5 Pin 1 [~, Passive, Line]
[endpoint_off_grid]: Symbol pin or wire end off connection grid
    ; warning
    @(170.00 mm, 121.19 mm): Symbol J2 Pin 1 [~, Passive, Line]
[lib_symbol_issues]: The current configuration does not include the symbol library ''
    ; warning
    @(130.00 mm, 165.00 mm): Symbol U4 [AMS1117_3V3]
[lib_symbol_issues]: The current configuration does not include the symbol library ''
    ; warning
    @(170.00 mm, 125.00 mm): Symbol J2 [JST_PH_2]
[lib_symbol_issues]: The current configuration does not include the symbol library ''
    ; warning
    @(118.00 mm, 175.00 mm): Symbol C5 [C]
[endpoint_off_grid]: Symbol pin or wire end off connection grid
    ; warning
    @(170.00 mm, 128.81 mm): Vertical Wire, length 4.19 mm
[endpoint_off_grid]: Symbol pin or wire end off connection grid
    ; warning
    @(118.00 mm, 178.81 mm): Vertical Wire, length 3.19 mm
[endpoint_off_grid]: Symbol pin or wire end off connection grid
    ; warning
    @(143.00 mm, 162.00 mm): Vertical Wire, length 3.00 mm
[endpoint_off_grid]: Symbol pin or wire end off connection grid
    ; warning
    @(143.00 mm, 162.00 mm): Symbol #3V3 Pin 1 [3V3, Power input, Line]
[lib_symbol_issues]: The current configuration does not include the symbol library ''
    ; warning
    @(143.00 mm, 162.00 mm): Symbol #3V3 [3V3]
[endpoint_off_grid]: Symbol pin or wire end off connection grid
    ; warning
    @(140.16 mm, 165.00 mm): Horizontal Wire, length 2.84 mm
[endpoint_off_grid]: Symbol pin or wire end off connection grid
    ; warning
    @(118.00 mm, 182.00 mm): Symbol #GND Pin 1 [GND, Power input, Line]
[lib_symbol_issues]: The current configuration does not include the symbol library ''
    ; warning
    @(118.00 mm, 182.00 mm): Symbol #GND [GND]
[endpoint_off_grid]: Symbol pin or wire end off connection grid
    ; warning
    @(130.00 mm, 175.16 mm): Vertical Wire, length 3.84 mm
[endpoint_off_grid]: Symbol pin or wire end off connection grid
    ; warning
    @(130.00 mm, 175.16 mm): Symbol U4 Pin 1 [GND, Power input, Line]
[endpoint_off_grid]: Symbol pin or wire end off connection grid
    ; warning
    @(130.00 mm, 179.00 mm): Symbol #GND Pin 1 [GND, Power input, Line]
[lib_symbol_issues]: The current configuration does not include the symbol library ''
    ; warning
    @(130.00 mm, 179.00 mm): Symbol #GND [GND]
[endpoint_off_grid]: Symbol pin or wire end off connection grid
    ; warning
    @(148.00 mm, 168.00 mm): Vertical Wire, length 3.19 mm
[endpoint_off_grid]: Symbol pin or wire end off connection grid
    ; warning
    @(148.00 mm, 171.19 mm): Symbol C6 Pin 1 [~, Passive, Line]
[lib_symbol_issues]: The current configuration does not include the symbol library ''
    ; warning
    @(148.00 mm, 175.00 mm): Symbol C6 [C]
[endpoint_off_grid]: Symbol pin or wire end off connection grid
    ; warning
    @(148.00 mm, 178.81 mm): Vertical Wire, length 3.19 mm
[endpoint_off_grid]: Symbol pin or wire end off connection grid
    ; warning
    @(148.00 mm, 182.00 mm): Symbol #GND Pin 1 [GND, Power input, Line]
[lib_symbol_issues]: The current configuration does not include the symbol library ''
    ; warning
    @(148.00 mm, 182.00 mm): Symbol #GND [GND]
[endpoint_off_grid]: Symbol pin or wire end off connection grid
    ; warning
    @(220.00 mm, 93.00 mm): Symbol #3V3 Pin 1 [3V3, Power input, Line]
[endpoint_off_grid]: Symbol pin or wire end off connection grid
    ; warning
    @(220.00 mm, 93.00 mm): Vertical Wire, length 3.19 mm
[lib_symbol_issues]: The current configuration does not include the symbol library ''
    ; warning
    @(220.00 mm, 93.00 mm): Symbol #3V3 [3V3]
[endpoint_off_grid]: Symbol pin or wire end off connection grid
    ; warning
    @(220.00 mm, 96.19 mm): Symbol R10 Pin 1 [~, Passive, Line]
[lib_symbol_issues]: The current configuration does not include the symbol library ''
    ; warning
    @(220.00 mm, 100.00 mm): Symbol R10 [R]
[endpoint_off_grid]: Symbol pin or wire end off connection grid
    ; warning
    @(220.00 mm, 103.81 mm): Vertical Wire, length 3.19 mm
[endpoint_off_grid]: Symbol pin or wire end off connection grid
    ; warning
    @(226.00 mm, 93.00 mm): Vertical Wire, length 3.19 mm
[endpoint_off_grid]: Symbol pin or wire end off connection grid
    ; warning
    @(226.00 mm, 93.00 mm): Symbol #3V3 Pin 1 [3V3, Power input, Line]
[lib_symbol_issues]: The current configuration does not include the symbol library ''
    ; warning
    @(226.00 mm, 93.00 mm): Symbol #3V3 [3V3]
[endpoint_off_grid]: Symbol pin or wire end off connection grid
    ; warning
    @(226.00 mm, 96.19 mm): Symbol R11 Pin 1 [~, Passive, Line]
[lib_symbol_issues]: The current configuration does not include the symbol library ''
    ; warning
    @(226.00 mm, 100.00 mm): Symbol R11 [R]
[endpoint_off_grid]: Symbol pin or wire end off connection grid
    ; warning
    @(226.00 mm, 103.81 mm): Vertical Wire, length 3.19 mm
[endpoint_off_grid]: Symbol pin or wire end off connection grid
    ; warning
    @(229.00 mm, 99.68 mm): Horizontal Wire, length 3.22 mm
[isolated_pin_label]: Label connected to only one pin
    ; warning
    @(229.00 mm, 99.68 mm): Label 'JOY_UP'
[endpoint_off_grid]: Symbol pin or wire end off connection grid
    ; warning
    @(229.00 mm, 102.22 mm): Horizontal Wire, length 3.22 mm
[isolated_pin_label]: Label connected to only one pin
    ; warning
    @(229.00 mm, 102.22 mm): Label 'JOY_DOWN'
[endpoint_off_grid]: Symbol pin or wire end off connection grid
    ; warning
    @(229.00 mm, 104.76 mm): Horizontal Wire, length 3.22 mm
[isolated_pin_label]: Label connected to only one pin
    ; warning
    @(229.00 mm, 104.76 mm): Label 'JOY_LEFT'
[endpoint_off_grid]: Symbol pin or wire end off connection grid
    ; warning
    @(229.00 mm, 107.30 mm): Horizontal Wire, length 3.22 mm
[isolated_pin_label]: Label connected to only one pin
    ; warning
    @(229.00 mm, 107.30 mm): Label 'JOY_RIGHT'
[endpoint_off_grid]: Symbol pin or wire end off connection grid
    ; warning
    @(229.00 mm, 109.84 mm): Horizontal Wire, length 3.22 mm
[isolated_pin_label]: Label connected to only one pin
    ; warning
    @(229.00 mm, 109.84 mm): Label 'JOY_CENTER'
[endpoint_off_grid]: Symbol pin or wire end off connection grid
    ; warning
    @(229.00 mm, 112.38 mm): Horizontal Wire, length 3.22 mm
[endpoint_off_grid]: Symbol pin or wire end off connection grid
    ; warning
    @(229.00 mm, 114.92 mm): Horizontal Wire, length 3.22 mm
[endpoint_off_grid]: Symbol pin or wire end off connection grid
    ; warning
    @(229.00 mm, 117.46 mm): Horizontal Wire, length 3.22 mm
[endpoint_off_grid]: Symbol pin or wire end off connection grid
    ; warning
    @(229.00 mm, 120.00 mm): Horizontal Wire, length 3.22 mm
[multiple_net_names]: Both 3V3 and ACCEL_INT1 are attached to the same items; 3V3 will be used in the netlist
    ; warning
    @(143.00 mm, 162.00 mm): Symbol #3V3 Pin 1 [3V3, Power input, Line]
    @(229.00 mm, 120.00 mm): Label 'ACCEL_INT1'
[pin_to_pin]: Pins of type Bidirectional and Power output are connected
    ; warning
    @(232.22 mm, 114.92 mm): Symbol U1 Pin 9 [GPIO16, Bidirectional, Line]
    @(70.24 mm, 47.38 mm): Symbol J1 Pin B4 [VBUS, Power output, Line]
[endpoint_off_grid]: Symbol pin or wire end off connection grid
    ; warning
    @(229.00 mm, 122.54 mm): Horizontal Wire, length 3.22 mm
[endpoint_off_grid]: Symbol pin or wire end off connection grid
    ; warning
    @(229.00 mm, 125.08 mm): Horizontal Wire, length 3.22 mm
[multiple_net_names]: Both GND and I2C_SDA are attached to the same items; GND will be used in the netlist
    ; warning
    @(270.00 mm, 105.00 mm): Symbol #GND Pin 1 [GND, Power input, Line]
    @(229.00 mm, 125.08 mm): Label 'I2C_SDA'
[pin_to_pin]: Pins of type Bidirectional and Power output are connected
    ; warning
    @(232.22 mm, 120.00 mm): Symbol U1 Pin 11 [GPIO18, Bidirectional, Line]
    @(140.16 mm, 165.00 mm): Symbol U4 Pin 2 [VO, Power output, Line]
[endpoint_off_grid]: Symbol pin or wire end off connection grid
    ; warning
    @(250.00 mm, 88.00 mm): Vertical Wire, length 4.06 mm
[endpoint_off_grid]: Symbol pin or wire end off connection grid
    ; warning
    @(250.00 mm, 88.00 mm): Symbol #3V3 Pin 1 [3V3, Power input, Line]
[lib_symbol_issues]: The current configuration does not include the symbol library ''
    ; warning
    @(250.00 mm, 88.00 mm): Symbol #3V3 [3V3]
[endpoint_off_grid]: Symbol pin or wire end off connection grid
    ; warning
    @(229.00 mm, 142.86 mm): Horizontal Wire, length 3.22 mm
[unconnected_wire_endpoint]: Unconnected wire endpoint
    ; warning
    @(229.00 mm, 142.86 mm): Horizontal Wire, length 3.22 mm
[lib_symbol_issues]: The current configuration does not include the symbol library ''
    ; warning
    @(250.00 mm, 120.00 mm): Symbol U1 [ESP32_S3_WROOM_1]
[endpoint_off_grid]: Symbol pin or wire end off connection grid
    ; warning
    @(270.00 mm, 91.00 mm): Vertical Wire, length 3.19 mm
[endpoint_off_grid]: Symbol pin or wire end off connection grid
    ; warning
    @(270.00 mm, 91.00 mm): Symbol #3V3 Pin 1 [3V3, Power input, Line]
[lib_symbol_issues]: The current configuration does not include the symbol library ''
    ; warning
    @(270.00 mm, 91.00 mm): Symbol #3V3 [3V3]
[endpoint_off_grid]: Symbol pin or wire end off connection grid
    ; warning
    @(270.00 mm, 94.19 mm): Symbol C3 Pin 1 [~, Passive, Line]
[lib_symbol_issues]: The current configuration does not include the symbol library ''
    ; warning
    @(270.00 mm, 98.00 mm): Symbol C3 [C]
[endpoint_off_grid]: Symbol pin or wire end off connection grid
    ; warning
    @(270.00 mm, 101.81 mm): Vertical Wire, length 3.19 mm
[endpoint_off_grid]: Symbol pin or wire end off connection grid
    ; warning
    @(270.00 mm, 105.00 mm): Symbol #GND Pin 1 [GND, Power input, Line]
[lib_symbol_issues]: The current configuration does not include the symbol library ''
    ; warning
    @(270.00 mm, 105.00 mm): Symbol #GND [GND]
[endpoint_off_grid]: Symbol pin or wire end off connection grid
    ; warning
    @(250.00 mm, 147.94 mm): Symbol U1 Pin 1 [GND, Power input, Line]
[endpoint_off_grid]: Symbol pin or wire end off connection grid
    ; warning
    @(250.00 mm, 147.94 mm): Vertical Wire, length 4.06 mm
[endpoint_off_grid]: Symbol pin or wire end off connection grid
    ; warning
    @(217.00 mm, 195.00 mm): Horizontal Wire, length 4.19 mm
[endpoint_off_grid]: Symbol pin or wire end off connection grid
    ; warning
    @(278.00 mm, 91.00 mm): Symbol #3V3 Pin 1 [3V3, Power input, Line]
[endpoint_off_grid]: Symbol pin or wire end off connection grid
    ; warning
    @(278.00 mm, 91.00 mm): Vertical Wire, length 3.19 mm
[lib_symbol_issues]: The current configuration does not include the symbol library ''
    ; warning
    @(278.00 mm, 91.00 mm): Symbol #3V3 [3V3]
[endpoint_off_grid]: Symbol pin or wire end off connection grid
    ; warning
    @(250.00 mm, 152.00 mm): Symbol #GND Pin 1 [GND, Power input, Line]
[lib_symbol_issues]: The current configuration does not include the symbol library ''
    ; warning
    @(250.00 mm, 152.00 mm): Symbol #GND [GND]
[endpoint_off_grid]: Symbol pin or wire end off connection grid
    ; warning
    @(278.00 mm, 94.19 mm): Symbol C4 Pin 1 [~, Passive, Line]
[lib_symbol_issues]: The current configuration does not include the symbol library ''
    ; warning
    @(278.00 mm, 98.00 mm): Symbol C4 [C]
[unconnected_wire_endpoint]: Unconnected wire endpoint
    ; warning
    @(217.00 mm, 195.00 mm): Horizontal Wire, length 4.19 mm
[endpoint_off_grid]: Symbol pin or wire end off connection grid
    ; warning
    @(225.00 mm, 191.19 mm): Symbol SW2 Pin 1 [~, Passive, Line]
[endpoint_off_grid]: Symbol pin or wire end off connection grid
    ; warning
    @(267.78 mm, 125.08 mm): Horizontal Wire, length 2.22 mm
[unconnected_wire_endpoint]: Unconnected wire endpoint
    ; warning
    @(267.78 mm, 125.08 mm): Horizontal Wire, length 2.22 mm
[endpoint_off_grid]: Symbol pin or wire end off connection grid
    ; warning
    @(278.00 mm, 101.81 mm): Vertical Wire, length 3.19 mm
[endpoint_off_grid]: Symbol pin or wire end off connection grid
    ; warning
    @(267.78 mm, 127.62 mm): Horizontal Wire, length 2.22 mm
[unconnected_wire_endpoint]: Unconnected wire endpoint
    ; warning
    @(267.78 mm, 127.62 mm): Horizontal Wire, length 2.22 mm
[endpoint_off_grid]: Symbol pin or wire end off connection grid
    ; warning
    @(278.00 mm, 105.00 mm): Symbol #GND Pin 1 [GND, Power input, Line]
[lib_symbol_issues]: The current configuration does not include the symbol library ''
    ; warning
    @(278.00 mm, 105.00 mm): Symbol #GND [GND]
[endpoint_off_grid]: Symbol pin or wire end off connection grid
    ; warning
    @(267.78 mm, 130.16 mm): Horizontal Wire, length 2.22 mm
[unconnected_wire_endpoint]: Unconnected wire endpoint
    ; warning
    @(267.78 mm, 130.16 mm): Horizontal Wire, length 2.22 mm
[lib_symbol_issues]: The current configuration does not include the symbol library ''
    ; warning
    @(225.00 mm, 195.00 mm): Symbol SW2 [SW_Push]
[endpoint_off_grid]: Symbol pin or wire end off connection grid
    ; warning
    @(267.78 mm, 132.70 mm): Horizontal Wire, length 2.22 mm
[unconnected_wire_endpoint]: Unconnected wire endpoint
    ; warning
    @(267.78 mm, 132.70 mm): Horizontal Wire, length 2.22 mm
[endpoint_off_grid]: Symbol pin or wire end off connection grid
    ; warning
    @(267.78 mm, 135.24 mm): Horizontal Wire, length 2.22 mm
[unconnected_wire_endpoint]: Unconnected wire endpoint
    ; warning
    @(267.78 mm, 135.24 mm): Horizontal Wire, length 2.22 mm
[endpoint_off_grid]: Symbol pin or wire end off connection grid
    ; warning
    @(228.81 mm, 195.00 mm): Horizontal Wire, length 5.19 mm
[unconnected_wire_endpoint]: Unconnected wire endpoint
    ; warning
    @(228.81 mm, 195.00 mm): Horizontal Wire, length 5.19 mm
[endpoint_off_grid]: Symbol pin or wire end off connection grid
    ; warning
    @(267.78 mm, 137.78 mm): Horizontal Wire, length 2.22 mm
[unconnected_wire_endpoint]: Unconnected wire endpoint
    ; warning
    @(267.78 mm, 137.78 mm): Horizontal Wire, length 2.22 mm
[endpoint_off_grid]: Symbol pin or wire end off connection grid
    ; warning
    @(217.00 mm, 210.00 mm): Horizontal Wire, length 4.19 mm
[endpoint_off_grid]: Symbol pin or wire end off connection grid
    ; warning
    @(234.00 mm, 195.00 mm): Symbol #GND Pin 1 [GND, Power input, Line]
[lib_symbol_issues]: The current configuration does not include the symbol library ''
    ; warning
    @(234.00 mm, 195.00 mm): Symbol #GND [GND]
[unconnected_wire_endpoint]: Unconnected wire endpoint
    ; warning
    @(217.00 mm, 210.00 mm): Horizontal Wire, length 4.19 mm
[endpoint_off_grid]: Symbol pin or wire end off connection grid
    ; warning
    @(225.00 mm, 206.19 mm): Symbol SW3 Pin 1 [~, Passive, Line]
[lib_symbol_issues]: The current configuration does not include the symbol library ''
    ; warning
    @(225.00 mm, 210.00 mm): Symbol SW3 [SW_Push]
[endpoint_off_grid]: Symbol pin or wire end off connection grid
    ; warning
    @(228.81 mm, 210.00 mm): Horizontal Wire, length 5.19 mm
[unconnected_wire_endpoint]: Unconnected wire endpoint
    ; warning
    @(228.81 mm, 210.00 mm): Horizontal Wire, length 5.19 mm
[endpoint_off_grid]: Symbol pin or wire end off connection grid
    ; warning
    @(234.00 mm, 210.00 mm): Symbol #GND Pin 1 [GND, Power input, Line]
[lib_symbol_issues]: The current configuration does not include the symbol library ''
    ; warning
    @(234.00 mm, 210.00 mm): Symbol #GND [GND]
[endpoint_off_grid]: Symbol pin or wire end off connection grid
    ; warning
    @(240.00 mm, 208.00 mm): Vertical Wire, length 3.19 mm
[endpoint_off_grid]: Symbol pin or wire end off connection grid
    ; warning
    @(240.00 mm, 211.19 mm): Symbol C8 Pin 1 [~, Passive, Line]
[lib_symbol_issues]: The current configuration does not include the symbol library ''
    ; warning
    @(240.00 mm, 215.00 mm): Symbol C8 [C]
[endpoint_off_grid]: Symbol pin or wire end off connection grid
    ; warning
    @(240.00 mm, 218.81 mm): Vertical Wire, length 3.19 mm
[endpoint_off_grid]: Symbol pin or wire end off connection grid
    ; warning
    @(240.00 mm, 222.00 mm): Symbol #GND Pin 1 [GND, Power input, Line]
[lib_symbol_issues]: The current configuration does not include the symbol library ''
    ; warning
    @(240.00 mm, 222.00 mm): Symbol #GND [GND]
[endpoint_off_grid]: Symbol pin or wire end off connection grid
    ; warning
    @(305.00 mm, 148.00 mm): Symbol #3V3 Pin 1 [3V3, Power input, Line]
[endpoint_off_grid]: Symbol pin or wire end off connection grid
    ; warning
    @(305.00 mm, 148.00 mm): Vertical Wire, length 3.19 mm
[lib_symbol_issues]: The current configuration does not include the symbol library ''
    ; warning
    @(305.00 mm, 148.00 mm): Symbol #3V3 [3V3]
[endpoint_off_grid]: Symbol pin or wire end off connection grid
    ; warning
    @(305.00 mm, 151.19 mm): Symbol R5 Pin 1 [~, Passive, Line]
[lib_symbol_issues]: The current configuration does not include the symbol library ''
    ; warning
    @(305.00 mm, 155.00 mm): Symbol R5 [R]
[endpoint_off_grid]: Symbol pin or wire end off connection grid
    ; warning
    @(310.00 mm, 148.00 mm): Symbol #3V3 Pin 1 [3V3, Power input, Line]
[endpoint_off_grid]: Symbol pin or wire end off connection grid
    ; warning
    @(310.00 mm, 148.00 mm): Vertical Wire, length 3.19 mm
[lib_symbol_issues]: The current configuration does not include the symbol library ''
    ; warning
    @(310.00 mm, 148.00 mm): Symbol #3V3 [3V3]
[endpoint_off_grid]: Symbol pin or wire end off connection grid
    ; warning
    @(305.00 mm, 158.81 mm): Vertical Wire, length 3.19 mm
[endpoint_off_grid]: Symbol pin or wire end off connection grid
    ; warning
    @(310.00 mm, 151.19 mm): Symbol R4 Pin 1 [~, Passive, Line]
[lib_symbol_issues]: The current configuration does not include the symbol library ''
    ; warning
    @(310.00 mm, 155.00 mm): Symbol R4 [R]
[endpoint_off_grid]: Symbol pin or wire end off connection grid
    ; warning
    @(310.00 mm, 158.81 mm): Vertical Wire, length 3.19 mm
[lib_symbol_issues]: The current configuration does not include the symbol library ''
    ; warning
    @(330.00 mm, 115.00 mm): Symbol J3 [EPAPER_HDR]
[endpoint_off_grid]: Symbol pin or wire end off connection grid
    ; warning
    @(335.08 mm, 102.11 mm): Horizontal Wire, length 2.92 mm
[unconnected_wire_endpoint]: Unconnected wire endpoint
    ; warning
    @(335.08 mm, 102.11 mm): Horizontal Wire, length 2.92 mm
[endpoint_off_grid]: Symbol pin or wire end off connection grid
    ; warning
    @(335.08 mm, 104.65 mm): Horizontal Wire, length 2.92 mm
[unconnected_wire_endpoint]: Unconnected wire endpoint
    ; warning
    @(335.08 mm, 104.65 mm): Horizontal Wire, length 2.92 mm
[endpoint_off_grid]: Symbol pin or wire end off connection grid
    ; warning
    @(335.08 mm, 106.11 mm): Symbol J3 Pin 1 [Pin_1, Passive, Line]
[endpoint_off_grid]: Symbol pin or wire end off connection grid
    ; warning
    @(335.08 mm, 107.19 mm): Horizontal Wire, length 2.92 mm
[unconnected_wire_endpoint]: Unconnected wire endpoint
    ; warning
    @(335.08 mm, 107.19 mm): Horizontal Wire, length 2.92 mm
[endpoint_off_grid]: Symbol pin or wire end off connection grid
    ; warning
    @(338.00 mm, 99.00 mm): Vertical Wire, length 3.11 mm
[endpoint_off_grid]: Symbol pin or wire end off connection grid
    ; warning
    @(338.00 mm, 99.00 mm): Symbol #3V3 Pin 1 [3V3, Power input, Line]
[lib_symbol_issues]: The current configuration does not include the symbol library ''
    ; warning
    @(338.00 mm, 99.00 mm): Symbol #3V3 [3V3]
[endpoint_off_grid]: Symbol pin or wire end off connection grid
    ; warning
    @(335.08 mm, 109.73 mm): Horizontal Wire, length 2.92 mm
[unconnected_wire_endpoint]: Unconnected wire endpoint
    ; warning
    @(335.08 mm, 109.73 mm): Horizontal Wire, length 2.92 mm
[endpoint_off_grid]: Symbol pin or wire end off connection grid
    ; warning
    @(335.08 mm, 112.27 mm): Horizontal Wire, length 2.92 mm
[unconnected_wire_endpoint]: Unconnected wire endpoint
    ; warning
    @(335.08 mm, 112.27 mm): Horizontal Wire, length 2.92 mm
[endpoint_off_grid]: Symbol pin or wire end off connection grid
    ; warning
    @(338.00 mm, 104.65 mm): Vertical Wire, length 3.35 mm
[endpoint_off_grid]: Symbol pin or wire end off connection grid
    ; warning
    @(316.00 mm, 159.92 mm): Horizontal Wire, length 3.84 mm
[endpoint_off_grid]: Symbol pin or wire end off connection grid
    ; warning
    @(316.00 mm, 160.00 mm): Symbol #3V3 Pin 1 [3V3, Power input, Line]
[endpoint_off_grid]: Symbol pin or wire end off connection grid
    ; warning
    @(316.00 mm, 160.00 mm): Vertical Wire, length 2.46 mm
[lib_symbol_issues]: The current configuration does not include the symbol library ''
    ; warning
    @(316.00 mm, 160.00 mm): Symbol #3V3 [3V3]
[endpoint_off_grid]: Symbol pin or wire end off connection grid
    ; warning
    @(335.08 mm, 114.81 mm): Horizontal Wire, length 2.92 mm
[unconnected_wire_endpoint]: Unconnected wire endpoint
    ; warning
    @(335.08 mm, 114.81 mm): Horizontal Wire, length 2.92 mm
[endpoint_off_grid]: Symbol pin or wire end off connection grid
    ; warning
    @(338.00 mm, 108.00 mm): Symbol #GND Pin 1 [GND, Power input, Line]
[lib_symbol_issues]: The current configuration does not include the symbol library ''
    ; warning
    @(338.00 mm, 108.00 mm): Symbol #GND [GND]
[endpoint_off_grid]: Symbol pin or wire end off connection grid
    ; warning
    @(335.08 mm, 117.35 mm): Horizontal Wire, length 2.92 mm
[unconnected_wire_endpoint]: Unconnected wire endpoint
    ; warning
    @(335.08 mm, 117.35 mm): Horizontal Wire, length 2.92 mm
[endpoint_off_grid]: Symbol pin or wire end off connection grid
    ; warning
    @(316.00 mm, 162.46 mm): Horizontal Wire, length 3.84 mm
[endpoint_off_grid]: Symbol pin or wire end off connection grid
    ; warning
    @(335.08 mm, 119.89 mm): Horizontal Wire, length 2.92 mm
[unconnected_wire_endpoint]: Unconnected wire endpoint
    ; warning
    @(335.08 mm, 119.89 mm): Horizontal Wire, length 2.92 mm
[endpoint_off_grid]: Symbol pin or wire end off connection grid
    ; warning
    @(316.00 mm, 165.00 mm): Vertical Wire, length 3.00 mm
[endpoint_off_grid]: Symbol pin or wire end off connection grid
    ; warning
    @(316.00 mm, 165.00 mm): Horizontal Wire, length 3.84 mm
[endpoint_off_grid]: Symbol pin or wire end off connection grid
    ; warning
    @(319.84 mm, 159.92 mm): Symbol U5 Pin 1 [SCL/SPC, Input, Line]
[endpoint_off_grid]: Symbol pin or wire end off connection grid
    ; warning
    @(316.00 mm, 167.54 mm): Horizontal Wire, length 3.84 mm
[endpoint_off_grid]: Symbol pin or wire end off connection grid
    ; warning
    @(316.00 mm, 168.00 mm): Symbol #GND Pin 1 [GND, Power input, Line]
[lib_symbol_issues]: The current configuration does not include the symbol library ''
    ; warning
    @(316.00 mm, 168.00 mm): Symbol #GND [GND]
[lib_symbol_issues]: The current configuration does not include the symbol library ''
    ; warning
    @(330.00 mm, 165.00 mm): Symbol U5 [LIS2DH12TR]
[endpoint_off_grid]: Symbol pin or wire end off connection grid
    ; warning
    @(317.00 mm, 195.00 mm): Horizontal Wire, length 4.19 mm
[isolated_pin_label]: Label connected to only one pin
    ; warning
    @(317.00 mm, 195.00 mm): Label 'JOY_UP'
[endpoint_off_grid]: Symbol pin or wire end off connection grid
    ; warning
    @(330.00 mm, 175.16 mm): Vertical Wire, length 3.84 mm
[endpoint_off_grid]: Symbol pin or wire end off connection grid
    ; warning
    @(330.00 mm, 179.00 mm): Symbol #GND Pin 1 [GND, Power input, Line]
[lib_symbol_issues]: The current configuration does not include the symbol library ''
    ; warning
    @(330.00 mm, 179.00 mm): Symbol #GND [GND]
[unconnected_wire_endpoint]: Unconnected wire endpoint
    ; warning
    @(317.00 mm, 195.00 mm): Horizontal Wire, length 4.19 mm
[ground_pin_not_ground]: Pin GND not connected to ground net
    ; warning
    @(332.54 mm, 175.16 mm): Symbol U5 Pin 7 [GND, Power input, Line]
[endpoint_off_grid]: Symbol pin or wire end off connection grid
    ; warning
    @(325.00 mm, 191.19 mm): Symbol SW1a Pin 1 [~, Passive, Line]
[endpoint_off_grid]: Symbol pin or wire end off connection grid
    ; warning
    @(317.00 mm, 205.00 mm): Horizontal Wire, length 4.19 mm
[isolated_pin_label]: Label connected to only one pin
    ; warning
    @(317.00 mm, 205.00 mm): Label 'JOY_DOWN'
[ground_pin_not_ground]: Pin GND not connected to ground net
    ; warning
    @(335.08 mm, 175.16 mm): Symbol U5 Pin 8 [GND, Power input, Line]
[lib_symbol_issues]: The current configuration does not include the symbol library ''
    ; warning
    @(325.00 mm, 195.00 mm): Symbol SW1a [SW_Push]
[endpoint_off_grid]: Symbol pin or wire end off connection grid
    ; warning
    @(340.16 mm, 167.54 mm): Horizontal Wire, length 2.84 mm
[endpoint_off_grid]: Symbol pin or wire end off connection grid
    ; warning
    @(340.16 mm, 170.08 mm): Horizontal Wire, length 2.84 mm
[unconnected_wire_endpoint]: Unconnected wire endpoint
    ; warning
    @(340.16 mm, 170.08 mm): Horizontal Wire, length 2.84 mm
[unconnected_wire_endpoint]: Unconnected wire endpoint
    ; warning
    @(317.00 mm, 205.00 mm): Horizontal Wire, length 4.19 mm
[endpoint_off_grid]: Symbol pin or wire end off connection grid
    ; warning
    @(343.00 mm, 167.00 mm): Vertical Wire, length 3.08 mm
[endpoint_off_grid]: Symbol pin or wire end off connection grid
    ; warning
    @(343.00 mm, 167.00 mm): Symbol #3V3 Pin 1 [3V3, Power input, Line]
[lib_symbol_issues]: The current configuration does not include the symbol library ''
    ; warning
    @(343.00 mm, 167.00 mm): Symbol #3V3 [3V3]
[endpoint_off_grid]: Symbol pin or wire end off connection grid
    ; warning
    @(325.00 mm, 201.19 mm): Symbol SW1b Pin 1 [~, Passive, Line]
[endpoint_off_grid]: Symbol pin or wire end off connection grid
    ; warning
    @(328.81 mm, 195.00 mm): Horizontal Wire, length 5.19 mm
[unconnected_wire_endpoint]: Unconnected wire endpoint
    ; warning
    @(328.81 mm, 195.00 mm): Horizontal Wire, length 5.19 mm
[endpoint_off_grid]: Symbol pin or wire end off connection grid
    ; warning
    @(317.00 mm, 215.00 mm): Horizontal Wire, length 4.19 mm
[isolated_pin_label]: Label connected to only one pin
    ; warning
    @(317.00 mm, 215.00 mm): Label 'JOY_LEFT'
[lib_symbol_issues]: The current configuration does not include the symbol library ''
    ; warning
    @(325.00 mm, 205.00 mm): Symbol SW1b [SW_Push]
[endpoint_off_grid]: Symbol pin or wire end off connection grid
    ; warning
    @(348.00 mm, 165.00 mm): Symbol #3V3 Pin 1 [3V3, Power input, Line]
[endpoint_off_grid]: Symbol pin or wire end off connection grid
    ; warning
    @(348.00 mm, 165.00 mm): Vertical Wire, length 3.19 mm
[lib_symbol_issues]: The current configuration does not include the symbol library ''
    ; warning
    @(348.00 mm, 165.00 mm): Symbol #3V3 [3V3]
[unconnected_wire_endpoint]: Unconnected wire endpoint
    ; warning
    @(317.00 mm, 215.00 mm): Horizontal Wire, length 4.19 mm
[endpoint_off_grid]: Symbol pin or wire end off connection grid
    ; warning
    @(348.00 mm, 168.19 mm): Symbol C7 Pin 1 [~, Passive, Line]
[endpoint_off_grid]: Symbol pin or wire end off connection grid
    ; warning
    @(334.00 mm, 195.00 mm): Symbol #GND Pin 1 [GND, Power input, Line]
[lib_symbol_issues]: The current configuration does not include the symbol library ''
    ; warning
    @(334.00 mm, 195.00 mm): Symbol #GND [GND]
[endpoint_off_grid]: Symbol pin or wire end off connection grid
    ; warning
    @(328.81 mm, 205.00 mm): Horizontal Wire, length 5.19 mm
[unconnected_wire_endpoint]: Unconnected wire endpoint
    ; warning
    @(328.81 mm, 205.00 mm): Horizontal Wire, length 5.19 mm
[endpoint_off_grid]: Symbol pin or wire end off connection grid
    ; warning
    @(325.00 mm, 211.19 mm): Symbol SW1c Pin 1 [~, Passive, Line]
[lib_symbol_issues]: The current configuration does not include the symbol library ''
    ; warning
    @(348.00 mm, 172.00 mm): Symbol C7 [C]
[endpoint_off_grid]: Symbol pin or wire end off connection grid
    ; warning
    @(317.00 mm, 225.00 mm): Horizontal Wire, length 4.19 mm
[isolated_pin_label]: Label connected to only one pin
    ; warning
    @(317.00 mm, 225.00 mm): Label 'JOY_RIGHT'
[lib_symbol_issues]: The current configuration does not include the symbol library ''
    ; warning
    @(325.00 mm, 215.00 mm): Symbol SW1c [SW_Push]
[endpoint_off_grid]: Symbol pin or wire end off connection grid
    ; warning
    @(348.00 mm, 175.81 mm): Vertical Wire, length 3.19 mm
[endpoint_off_grid]: Symbol pin or wire end off connection grid
    ; warning
    @(348.00 mm, 179.00 mm): Symbol #GND Pin 1 [GND, Power input, Line]
[lib_symbol_issues]: The current configuration does not include the symbol library ''
    ; warning
    @(348.00 mm, 179.00 mm): Symbol #GND [GND]
[endpoint_off_grid]: Symbol pin or wire end off connection grid
    ; warning
    @(334.00 mm, 205.00 mm): Symbol #GND Pin 1 [GND, Power input, Line]
[lib_symbol_issues]: The current configuration does not include the symbol library ''
    ; warning
    @(334.00 mm, 205.00 mm): Symbol #GND [GND]
[unconnected_wire_endpoint]: Unconnected wire endpoint
    ; warning
    @(317.00 mm, 225.00 mm): Horizontal Wire, length 4.19 mm
[endpoint_off_grid]: Symbol pin or wire end off connection grid
    ; warning
    @(328.81 mm, 215.00 mm): Horizontal Wire, length 5.19 mm
[unconnected_wire_endpoint]: Unconnected wire endpoint
    ; warning
    @(328.81 mm, 215.00 mm): Horizontal Wire, length 5.19 mm
[endpoint_off_grid]: Symbol pin or wire end off connection grid
    ; warning
    @(325.00 mm, 221.19 mm): Symbol SW1d Pin 1 [~, Passive, Line]
[endpoint_off_grid]: Symbol pin or wire end off connection grid
    ; warning
    @(317.00 mm, 235.00 mm): Horizontal Wire, length 4.19 mm
[isolated_pin_label]: Label connected to only one pin
    ; warning
    @(317.00 mm, 235.00 mm): Label 'JOY_CENTER'
[lib_symbol_issues]: The current configuration does not include the symbol library ''
    ; warning
    @(325.00 mm, 225.00 mm): Symbol SW1d [SW_Push]
[endpoint_off_grid]: Symbol pin or wire end off connection grid
    ; warning
    @(334.00 mm, 215.00 mm): Symbol #GND Pin 1 [GND, Power input, Line]
[lib_symbol_issues]: The current configuration does not include the symbol library ''
    ; warning
    @(334.00 mm, 215.00 mm): Symbol #GND [GND]
[unconnected_wire_endpoint]: Unconnected wire endpoint
    ; warning
    @(317.00 mm, 235.00 mm): Horizontal Wire, length 4.19 mm
[endpoint_off_grid]: Symbol pin or wire end off connection grid
    ; warning
    @(328.81 mm, 225.00 mm): Horizontal Wire, length 5.19 mm
[unconnected_wire_endpoint]: Unconnected wire endpoint
    ; warning
    @(328.81 mm, 225.00 mm): Horizontal Wire, length 5.19 mm
[endpoint_off_grid]: Symbol pin or wire end off connection grid
    ; warning
    @(325.00 mm, 231.19 mm): Symbol SW1e Pin 1 [~, Passive, Line]
[lib_symbol_issues]: The current configuration does not include the symbol library ''
    ; warning
    @(325.00 mm, 235.00 mm): Symbol SW1e [SW_Push]
[endpoint_off_grid]: Symbol pin or wire end off connection grid
    ; warning
    @(334.00 mm, 225.00 mm): Symbol #GND Pin 1 [GND, Power input, Line]
[lib_symbol_issues]: The current configuration does not include the symbol library ''
    ; warning
    @(334.00 mm, 225.00 mm): Symbol #GND [GND]
[endpoint_off_grid]: Symbol pin or wire end off connection grid
    ; warning
    @(328.81 mm, 235.00 mm): Horizontal Wire, length 5.19 mm
[unconnected_wire_endpoint]: Unconnected wire endpoint
    ; warning
    @(328.81 mm, 235.00 mm): Horizontal Wire, length 5.19 mm
[endpoint_off_grid]: Symbol pin or wire end off connection grid
    ; warning
    @(334.00 mm, 235.00 mm): Symbol #GND Pin 1 [GND, Power input, Line]
[lib_symbol_issues]: The current configuration does not include the symbol library ''
    ; warning
    @(334.00 mm, 235.00 mm): Symbol #GND [GND]

 ** ERC messages: 386  Errors 64  Warnings 322

 ** Ignored checks:
    - Global label only appears once in the schematic
    - Four connection points are joined together
    - SPICE model issue
    - Assigned footprint doesn't match footprint filters
